[rq3-extra10] Recreating kind cluster dynamos-rq3-extra10
Creating cluster "dynamos-rq3-extra10" ...
 • Ensuring node image (kindest/node:v1.33.1) 🖼  ...
 ✓ Ensuring node image (kindest/node:v1.33.1) 🖼
 • Preparing nodes 📦   ...
 ✓ Preparing nodes 📦 
 • Writing configuration 📜  ...
 ✓ Writing configuration 📜
 • Starting control-plane 🕹️  ...
 ✓ Starting control-plane 🕹️
 • Installing CNI 🔌  ...
 ✓ Installing CNI 🔌
 • Installing StorageClass 💾  ...
 ✓ Installing StorageClass 💾
Set kubectl context to "kind-dynamos-rq3-extra10"
You can now use your cluster with:

kubectl cluster-info --context kind-dynamos-rq3-extra10

Have a question, bug, or feature request? Let us know! https://kind.sigs.k8s.io/#community 🙂
[rq3-extra10] Installing metrics-server
[rq3-extra10] Installing Linkerd CRDs and control plane
Rendering Linkerd CRDs...
Next, run `linkerd install | kubectl apply -f -` to install the control plane.

Warning: spec.template.spec.containers[2].ports[1]: duplicate port name "admin-http" with spec.template.spec.containers[1].ports[1], services and probes that select ports by name will use spec.template.spec.containers[1].ports[1]
Warning: spec.template.spec.containers[3].ports[0]: duplicate port name "grpc" with spec.template.spec.containers[1].ports[0], services and probes that select ports by name will use spec.template.spec.containers[1].ports[0]
Warning: spec.template.spec.containers[3].ports[1]: duplicate port name "admin-http" with spec.template.spec.containers[1].ports[1], services and probes that select ports by name will use spec.template.spec.containers[1].ports[1]
[rq3-extra10] Building /home/nebur/src/DYNAMOS-streaming-concept-20260524 as dynamos-local/*:rq3-streaming-extra10
#0 building with "default" instance using docker driver

#1 [internal] load build definition from Dockerfile
#1 transferring dockerfile: 782B done
#1 DONE 0.0s

#2 [internal] load metadata for docker.io/library/golang:1.22.1-bullseye
#2 DONE 0.0s

#3 [internal] load metadata for docker.io/library/alpine:3.18.2
#3 ...

#4 [auth] library/alpine:pull token for registry-1.docker.io
#4 DONE 0.0s

#3 [internal] load metadata for docker.io/library/alpine:3.18.2
#3 DONE 0.8s

#5 [internal] load .dockerignore
#5 transferring context: 2B done
#5 DONE 0.0s

#6 [stage-1 1/4] FROM docker.io/library/alpine:3.18.2@sha256:82d1e9d7ed48a7523bdebc18cf6290bdb97b82302a8a9c27d4fe885949ea94d1
#6 resolve docker.io/library/alpine:3.18.2@sha256:82d1e9d7ed48a7523bdebc18cf6290bdb97b82302a8a9c27d4fe885949ea94d1 0.0s done
#6 DONE 0.0s

#7 [builder 1/9] FROM docker.io/library/golang:1.22.1-bullseye@sha256:dcff0d950cb4648fec14ee51baa76bf27db3bb1e70a49f75421a8828db7b9910
#7 resolve docker.io/library/golang:1.22.1-bullseye@sha256:dcff0d950cb4648fec14ee51baa76bf27db3bb1e70a49f75421a8828db7b9910 0.0s done
#7 DONE 0.0s

#8 [internal] load build context
#8 transferring context: 406.31kB 0.0s done
#8 DONE 0.0s

#9 [builder 4/9] RUN mkdir /app/etcd
#9 CACHED

#10 [stage-1 3/4] WORKDIR /app/
#10 CACHED

#11 [builder 8/9] COPY pkg /app/pkg
#11 CACHED

#12 [builder 9/9] RUN CGO_ENABLED=0 GOOS=linux go build -a -installsuffix cgo -o /go/bin/sidecar .
#12 CACHED

#13 [stage-1 2/4] RUN apk --no-cache add ca-certificates
#13 CACHED

#14 [builder 2/9] WORKDIR /app/cmd/sidecar
#14 CACHED

#15 [builder 5/9] COPY *.go ./
#15 CACHED

#16 [builder 6/9] COPY go.mod /app
#16 CACHED

#17 [builder 7/9] COPY go.sum /app
#17 CACHED

#18 [builder 3/9] RUN mkdir /app/pkg
#18 CACHED

#19 [stage-1 4/4] COPY --from=builder /go/bin/sidecar .
#19 CACHED

#20 exporting to image
#20 exporting layers done
#20 exporting manifest sha256:e01c5592f6ea33e942f634a9fa25a09559404b571bb1d7525de1da6f4774eb96 done
#20 exporting config sha256:30288dea566aa539ba5e54abce812974e7882241bdf15e85419f501ecd4ac9e3 done
#20 exporting attestation manifest sha256:83ab8bf375cb54f739c79e0779475941b05c3666222ac14d543d44bcd4f4e2f8
#20 exporting attestation manifest sha256:83ab8bf375cb54f739c79e0779475941b05c3666222ac14d543d44bcd4f4e2f8 0.0s done
#20 exporting manifest list sha256:5e63e5a0f26fc0bddac3bccbbc217ef9fd7020c8fafb1d336f5bb36ebb229bc4 0.0s done
#20 naming to docker.io/dynamos-local/sidecar:rq3-streaming-extra10 done
#20 unpacking to docker.io/dynamos-local/sidecar:rq3-streaming-extra10 done
#20 naming to docker.io/dynamos-local/sidecar:latest done
#20 unpacking to docker.io/dynamos-local/sidecar:latest 0.0s done
#20 DONE 0.2s
#0 building with "default" instance using docker driver

#1 [internal] load build definition from Dockerfile
#1 transferring dockerfile:
#1 transferring dockerfile: 782B done
#1 DONE 0.6s

#2 [internal] load metadata for docker.io/library/golang:1.22.1-bullseye
#2 DONE 0.0s

#3 [internal] load metadata for docker.io/library/alpine:3.18.2
#3 DONE 0.3s

#4 [internal] load .dockerignore
#4 transferring context:
#4 transferring context: 2B done
#4 DONE 0.2s

#5 [stage-1 1/4] FROM docker.io/library/alpine:3.18.2@sha256:82d1e9d7ed48a7523bdebc18cf6290bdb97b82302a8a9c27d4fe885949ea94d1
#5 resolve docker.io/library/alpine:3.18.2@sha256:82d1e9d7ed48a7523bdebc18cf6290bdb97b82302a8a9c27d4fe885949ea94d1 0.0s done
#5 DONE 0.0s

#6 [builder 1/9] FROM docker.io/library/golang:1.22.1-bullseye@sha256:dcff0d950cb4648fec14ee51baa76bf27db3bb1e70a49f75421a8828db7b9910
#6 resolve docker.io/library/golang:1.22.1-bullseye@sha256:dcff0d950cb4648fec14ee51baa76bf27db3bb1e70a49f75421a8828db7b9910 0.0s done
#6 DONE 0.0s

#7 [internal] load build context
#7 transferring context: 340.60kB 0.0s done
#7 DONE 0.1s

#8 [builder 5/9] COPY *.go ./
#8 CACHED

#9 [builder 3/9] RUN mkdir /app/pkg
#9 CACHED

#10 [builder 8/9] COPY pkg /app/pkg
#10 CACHED

#11 [builder 9/9] RUN CGO_ENABLED=0 GOOS=linux go build -a -installsuffix cgo -o /go/bin/policy-enforcer .
#11 CACHED

#12 [stage-1 3/4] WORKDIR /app/
#12 CACHED

#13 [builder 6/9] COPY go.mod /app
#13 CACHED

#14 [builder 7/9] COPY go.sum /app
#14 CACHED

#15 [builder 4/9] RUN mkdir /app/etcd
#15 CACHED

#16 [stage-1 2/4] RUN apk --no-cache add ca-certificates
#16 CACHED

#17 [builder 2/9] WORKDIR /app/cmd/policy-enforcer
#17 CACHED

#18 [stage-1 4/4] COPY --from=builder /go/bin/policy-enforcer .
#18 CACHED

#19 exporting to image
#19 exporting layers done
#19 exporting manifest sha256:926a68176ccd053210d62956dc1a4ea44c6676dd458c6d61e8f1340a129d025b done
#19 exporting config sha256:dfe25784ff4dc47f94d228c10a4c662de42ac88eb0bf6ef59edd7087943bea65 done
#19 exporting attestation manifest sha256:bba71027802361aba1b0a61c6f378631fe692ffb99a1e8611cd6b9f70e84880e
#19 exporting attestation manifest sha256:bba71027802361aba1b0a61c6f378631fe692ffb99a1e8611cd6b9f70e84880e 0.0s done
#19 exporting manifest list sha256:99a0b6bb84e5a0bd761b34634ac2ae4ffb0ad867f22d1fe9f8608849f69ca861 0.0s done
#19 naming to docker.io/dynamos-local/policy-enforcer:rq3-streaming-extra10 done
#19 unpacking to docker.io/dynamos-local/policy-enforcer:rq3-streaming-extra10 done
#19 naming to docker.io/dynamos-local/policy-enforcer:latest done
#19 unpacking to docker.io/dynamos-local/policy-enforcer:latest done
#19 DONE 0.2s
#0 building with "default" instance using docker driver

#1 [internal] load build definition from Dockerfile
#1 transferring dockerfile: 782B done
#1 DONE 0.0s

#2 [internal] load metadata for docker.io/library/golang:1.22.1-bullseye
#2 DONE 0.0s

#3 [internal] load metadata for docker.io/library/alpine:3.18.2
#3 DONE 0.2s

#4 [internal] load .dockerignore
#4 transferring context: 2B done
#4 DONE 0.0s

#5 [stage-1 1/4] FROM docker.io/library/alpine:3.18.2@sha256:82d1e9d7ed48a7523bdebc18cf6290bdb97b82302a8a9c27d4fe885949ea94d1
#5 resolve docker.io/library/alpine:3.18.2@sha256:82d1e9d7ed48a7523bdebc18cf6290bdb97b82302a8a9c27d4fe885949ea94d1 0.0s done
#5 DONE 0.0s

#6 [builder 1/9] FROM docker.io/library/golang:1.22.1-bullseye@sha256:dcff0d950cb4648fec14ee51baa76bf27db3bb1e70a49f75421a8828db7b9910
#6 resolve docker.io/library/golang:1.22.1-bullseye@sha256:dcff0d950cb4648fec14ee51baa76bf27db3bb1e70a49f75421a8828db7b9910 0.0s done
#6 DONE 0.0s

#7 [internal] load build context
#7 transferring context: 365.48kB 0.0s done
#7 DONE 0.1s

#8 [builder 2/9] WORKDIR /app/cmd/orchestrator
#8 CACHED

#9 [builder 4/9] RUN mkdir /app/etcd
#9 CACHED

#10 [builder 5/9] COPY *.go ./
#10 CACHED

#11 [builder 7/9] COPY go.sum /app
#11 CACHED

#12 [builder 3/9] RUN mkdir /app/pkg
#12 CACHED

#13 [stage-1 3/4] WORKDIR /app/
#13 CACHED

#14 [builder 6/9] COPY go.mod /app
#14 CACHED

#15 [builder 8/9] COPY pkg /app/pkg
#15 CACHED

#16 [stage-1 2/4] RUN apk --no-cache add ca-certificates
#16 CACHED

#17 [builder 9/9] RUN CGO_ENABLED=0 GOOS=linux go build -a -installsuffix cgo -o /go/bin/orchestrator .
#17 CACHED

#18 [stage-1 4/4] COPY --from=builder /go/bin/orchestrator .
#18 CACHED

#19 exporting to image
#19 exporting layers done
#19 exporting manifest sha256:53982707f5c706f34bdc7340cfb732ea737ee69f57b89ede727f595d0f026dea 0.1s done
#19 exporting config sha256:2931c6459d8fc721334c2070c07471e9f1f1378dd9a30acc871cc57c17d000c3
#19 exporting config sha256:2931c6459d8fc721334c2070c07471e9f1f1378dd9a30acc871cc57c17d000c3 done
#19 exporting attestation manifest sha256:5a26b1a4a75de9f12694fb9d1cce112807cc5a5342ab07c55d1c215595b39928 0.0s done
#19 exporting manifest list sha256:b7c9768b8d9522f597635464b02eecf497f6f2be7a7ff25ab1aaccdfad915182 0.0s done
#19 naming to docker.io/dynamos-local/orchestrator:rq3-streaming-extra10 done
#19 unpacking to docker.io/dynamos-local/orchestrator:rq3-streaming-extra10 done
#19 naming to docker.io/dynamos-local/orchestrator:latest done
#19 unpacking to docker.io/dynamos-local/orchestrator:latest 0.0s done
#19 DONE 0.2s
#0 building with "default" instance using docker driver

#1 [internal] load build definition from Dockerfile
#1 transferring dockerfile: 782B done
#1 DONE 0.0s

#2 [internal] load metadata for docker.io/library/golang:1.22.1-bullseye
#2 DONE 0.0s

#3 [internal] load metadata for docker.io/library/alpine:3.18.2
#3 DONE 0.3s

#4 [internal] load .dockerignore
#4 transferring context: 2B done
#4 DONE 0.0s

#5 [builder 1/9] FROM docker.io/library/golang:1.22.1-bullseye@sha256:dcff0d950cb4648fec14ee51baa76bf27db3bb1e70a49f75421a8828db7b9910
#5 resolve docker.io/library/golang:1.22.1-bullseye@sha256:dcff0d950cb4648fec14ee51baa76bf27db3bb1e70a49f75421a8828db7b9910 0.0s done
#5 DONE 0.0s

#6 [stage-1 1/4] FROM docker.io/library/alpine:3.18.2@sha256:82d1e9d7ed48a7523bdebc18cf6290bdb97b82302a8a9c27d4fe885949ea94d1
#6 resolve docker.io/library/alpine:3.18.2@sha256:82d1e9d7ed48a7523bdebc18cf6290bdb97b82302a8a9c27d4fe885949ea94d1 0.0s done
#6 DONE 0.0s

#7 [internal] load build context
#7 transferring context: 378.17kB 0.0s done
#7 DONE 0.0s

#8 [builder 7/9] COPY go.sum /app
#8 CACHED

#9 [stage-1 3/4] WORKDIR /app/
#9 CACHED

#10 [builder 8/9] COPY pkg /app/pkg
#10 CACHED

#11 [stage-1 2/4] RUN apk --no-cache add ca-certificates
#11 CACHED

#12 [builder 3/9] RUN mkdir /app/pkg
#12 CACHED

#13 [builder 4/9] RUN mkdir /app/etcd
#13 CACHED

#14 [builder 6/9] COPY go.mod /app
#14 CACHED

#15 [builder 9/9] RUN CGO_ENABLED=0 GOOS=linux go build -a -installsuffix cgo -o /go/bin/agent .
#15 CACHED

#16 [builder 2/9] WORKDIR /app/cmd/agent
#16 CACHED

#17 [builder 5/9] COPY *.go ./
#17 CACHED

#18 [stage-1 4/4] COPY --from=builder /go/bin/agent .
#18 CACHED

#19 exporting to image
#19 exporting layers done
#19 exporting manifest sha256:bf79bc41b5355f44712ac38a6821efa308886d21ca9882647f721d367c6ef3aa done
#19 exporting config sha256:80c8b74bdbe3c2e6779cba38e85b576bd9222deee43eed6ee4e76ea2bf9279f7 done
#19 exporting attestation manifest sha256:e3ca7b2042015b11f6f47430973f541f0bdb061e6b0776fa1b9fe177a47213ad 0.0s done
#19 exporting manifest list sha256:5cf00d1bf308ad73f5696fb303c7a029180039410edb32e52d5d073c07d836f8 0.0s done
#19 naming to docker.io/dynamos-local/agent:rq3-streaming-extra10 done
#19 unpacking to docker.io/dynamos-local/agent:rq3-streaming-extra10 done
#19 naming to docker.io/dynamos-local/agent:latest
#19 naming to docker.io/dynamos-local/agent:latest done
#19 unpacking to docker.io/dynamos-local/agent:latest 0.0s done
#19 DONE 0.2s
#0 building with "default" instance using docker driver

#1 [internal] load build definition from Dockerfile
#1 transferring dockerfile: 782B done
#1 DONE 0.0s

#2 [internal] load metadata for docker.io/library/golang:1.22.1-bullseye
#2 DONE 0.0s

#3 [internal] load metadata for docker.io/library/alpine:3.18.2
#3 DONE 0.2s

#4 [internal] load .dockerignore
#4 transferring context: 2B done
#4 DONE 0.0s

#5 [stage-1 1/4] FROM docker.io/library/alpine:3.18.2@sha256:82d1e9d7ed48a7523bdebc18cf6290bdb97b82302a8a9c27d4fe885949ea94d1
#5 resolve docker.io/library/alpine:3.18.2@sha256:82d1e9d7ed48a7523bdebc18cf6290bdb97b82302a8a9c27d4fe885949ea94d1 0.0s done
#5 DONE 0.0s

#6 [builder 1/9] FROM docker.io/library/golang:1.22.1-bullseye@sha256:dcff0d950cb4648fec14ee51baa76bf27db3bb1e70a49f75421a8828db7b9910
#6 resolve docker.io/library/golang:1.22.1-bullseye@sha256:dcff0d950cb4648fec14ee51baa76bf27db3bb1e70a49f75421a8828db7b9910 0.0s done
#6 DONE 0.0s

#7 [internal] load build context
#7 transferring context: 348.82kB 0.0s done
#7 DONE 0.0s

#8 [stage-1 2/4] RUN apk --no-cache add ca-certificates
#8 CACHED

#9 [stage-1 3/4] WORKDIR /app/
#9 CACHED

#10 [builder 2/9] WORKDIR /app/cmd/api-gateway
#10 CACHED

#11 [builder 7/9] COPY go.sum /app
#11 CACHED

#12 [builder 4/9] RUN mkdir /app/etcd
#12 CACHED

#13 [builder 5/9] COPY *.go ./
#13 CACHED

#14 [builder 6/9] COPY go.mod /app
#14 CACHED

#15 [builder 8/9] COPY pkg /app/pkg
#15 CACHED

#16 [builder 9/9] RUN CGO_ENABLED=0 GOOS=linux go build -a -installsuffix cgo -o /go/bin/api-gateway .
#16 CACHED

#17 [builder 3/9] RUN mkdir /app/pkg
#17 CACHED

#18 [stage-1 4/4] COPY --from=builder /go/bin/api-gateway .
#18 CACHED

#19 exporting to image
#19 exporting layers done
#19 exporting manifest sha256:c5100f84f1987f2fc40131b5c8a42b5bbdc0c65e0065fc2329f3841539d3951d done
#19 exporting config sha256:d4bb0372f90540eb34c8ddb81a4d786c6a5838ee3d27ec81d687714863f70185 done
#19 exporting attestation manifest sha256:d4934b4217d856c609d929642502d29a81b3c47c0ac4c84859befc396f470489 0.0s done
#19 exporting manifest list sha256:27896e7eec8c26f4d8cc7350cf1f4d6c33f95418d97250e0cbd2ebc16dad1928 0.0s done
#19 naming to docker.io/dynamos-local/api-gateway:rq3-streaming-extra10 done
#19 unpacking to docker.io/dynamos-local/api-gateway:rq3-streaming-extra10 done
#19 naming to docker.io/dynamos-local/api-gateway:latest
#19 naming to docker.io/dynamos-local/api-gateway:latest done
#19 unpacking to docker.io/dynamos-local/api-gateway:latest done
#19 DONE 0.2s
#0 building with "default" instance using docker driver

#1 [internal] load build definition from Dockerfile
#1 transferring dockerfile: 782B done
#1 DONE 0.0s

#2 [internal] load metadata for docker.io/library/golang:1.22.1-bullseye
#2 DONE 0.0s

#3 [internal] load metadata for docker.io/library/alpine:3.18.2
#3 DONE 0.3s

#4 [internal] load .dockerignore
#4 transferring context: 2B done
#4 DONE 0.0s

#5 [internal] load build context
#5 DONE 0.0s

#6 [stage-1 1/4] FROM docker.io/library/alpine:3.18.2@sha256:82d1e9d7ed48a7523bdebc18cf6290bdb97b82302a8a9c27d4fe885949ea94d1
#6 resolve docker.io/library/alpine:3.18.2@sha256:82d1e9d7ed48a7523bdebc18cf6290bdb97b82302a8a9c27d4fe885949ea94d1 0.0s done
#6 DONE 0.1s

#7 [builder 1/9] FROM docker.io/library/golang:1.22.1-bullseye@sha256:dcff0d950cb4648fec14ee51baa76bf27db3bb1e70a49f75421a8828db7b9910
#7 resolve docker.io/library/golang:1.22.1-bullseye@sha256:dcff0d950cb4648fec14ee51baa76bf27db3bb1e70a49f75421a8828db7b9910
#7 resolve docker.io/library/golang:1.22.1-bullseye@sha256:dcff0d950cb4648fec14ee51baa76bf27db3bb1e70a49f75421a8828db7b9910 0.1s done
#7 DONE 0.1s

#5 [internal] load build context
#5 transferring context: 345.10kB 0.0s done
#5 DONE 0.1s

#8 [builder 7/9] COPY go.sum /app
#8 CACHED

#9 [stage-1 3/4] WORKDIR /app/
#9 CACHED

#10 [builder 4/9] RUN mkdir /app/etcd
#10 CACHED

#11 [builder 5/9] COPY *.go ./
#11 CACHED

#12 [builder 6/9] COPY go.mod /app
#12 CACHED

#13 [builder 8/9] COPY pkg /app/pkg
#13 CACHED

#14 [builder 9/9] RUN CGO_ENABLED=0 GOOS=linux go build -a -installsuffix cgo -o /go/bin/sql-algorithm .
#14 CACHED

#15 [stage-1 2/4] RUN apk --no-cache add ca-certificates
#15 CACHED

#16 [builder 2/9] WORKDIR /app/cmd/sql-algorithm
#16 CACHED

#17 [builder 3/9] RUN mkdir /app/pkg
#17 CACHED

#18 [stage-1 4/4] COPY --from=builder /go/bin/sql-algorithm .
#18 CACHED

#19 exporting to image
#19 exporting layers done
#19 exporting manifest sha256:fd21c8ab0a384a62bfe94acf1a4c52b998bc44d995ec46b248db8eba8e419736 done
#19 exporting config sha256:76fce309d4b710e598c40deebba409298a9ae101388e449950e21e290be77483 done
#19 exporting attestation manifest sha256:7661e5191a7482a24e07b0a4e52ed23b96003bbb297b277683b65c5fd44d06e4 0.1s done
#19 exporting manifest list sha256:76fa71345b1bfb37d5f2591b73793ec4874c1392c5cbd2513e8614522ea220d2
#19 exporting manifest list sha256:76fa71345b1bfb37d5f2591b73793ec4874c1392c5cbd2513e8614522ea220d2 0.0s done
#19 naming to docker.io/dynamos-local/sql-algorithm:rq3-streaming-extra10 done
#19 unpacking to docker.io/dynamos-local/sql-algorithm:rq3-streaming-extra10 0.0s done
#19 naming to docker.io/dynamos-local/sql-algorithm:latest done
#19 unpacking to docker.io/dynamos-local/sql-algorithm:latest 0.0s done
#19 DONE 0.3s
#0 building with "default" instance using docker driver

#1 [internal] load build definition from Dockerfile
#1 transferring dockerfile: 30B
#1 transferring dockerfile: 782B done
#1 DONE 0.1s

#2 [internal] load metadata for docker.io/library/golang:1.22.1-bullseye
#2 DONE 0.1s

#3 [internal] load metadata for docker.io/library/alpine:3.18.2
#3 DONE 0.5s

#4 [internal] load .dockerignore
#4 transferring context:
#4 transferring context: 2B 0.0s done
#4 DONE 0.2s

#5 [internal] load build context
#5 DONE 0.0s

#6 [stage-1 1/4] FROM docker.io/library/alpine:3.18.2@sha256:82d1e9d7ed48a7523bdebc18cf6290bdb97b82302a8a9c27d4fe885949ea94d1
#6 resolve docker.io/library/alpine:3.18.2@sha256:82d1e9d7ed48a7523bdebc18cf6290bdb97b82302a8a9c27d4fe885949ea94d1
#6 resolve docker.io/library/alpine:3.18.2@sha256:82d1e9d7ed48a7523bdebc18cf6290bdb97b82302a8a9c27d4fe885949ea94d1 0.3s done
#6 DONE 0.3s

#7 [builder 1/9] FROM docker.io/library/golang:1.22.1-bullseye@sha256:dcff0d950cb4648fec14ee51baa76bf27db3bb1e70a49f75421a8828db7b9910
#7 resolve docker.io/library/golang:1.22.1-bullseye@sha256:dcff0d950cb4648fec14ee51baa76bf27db3bb1e70a49f75421a8828db7b9910 0.2s done
#7 DONE 0.3s

#5 [internal] load build context
#5 transferring context: 331.27kB 0.1s done
#5 DONE 0.3s

#8 [builder 9/9] RUN CGO_ENABLED=0 GOOS=linux go build -a -installsuffix cgo -o /go/bin/sql-anonymize .
#8 CACHED

#9 [stage-1 2/4] RUN apk --no-cache add ca-certificates
#9 CACHED

#10 [stage-1 3/4] WORKDIR /app/
#10 CACHED

#11 [builder 2/9] WORKDIR /app/cmd/sql-anonymize
#11 CACHED

#12 [builder 3/9] RUN mkdir /app/pkg
#12 CACHED

#13 [builder 6/9] COPY go.mod /app
#13 CACHED

#14 [builder 7/9] COPY go.sum /app
#14 CACHED

#15 [builder 8/9] COPY pkg /app/pkg
#15 CACHED

#16 [builder 4/9] RUN mkdir /app/etcd
#16 CACHED

#17 [builder 5/9] COPY *.go ./
#17 CACHED

#18 [stage-1 4/4] COPY --from=builder /go/bin/sql-anonymize .
#18 CACHED

#19 exporting to image
#19 exporting layers 0.0s done
#19 exporting manifest sha256:720388d6863f10cdbdaed2dd48271e9294306f9b5a6e80a2fceb04ac0899ec52 done
#19 exporting config sha256:d2cfbde2e333e82c1de668f9fa839e37d6f6a63a5c2e52d3fca93c0135548af9 0.0s done
#19 exporting attestation manifest sha256:8f9e85d4d32d02730958dc5a5399567ee02cd788b4aaf144a77bc2eb67decc13 0.1s done
#19 exporting manifest list sha256:3a9d7304744842017978053cfbd13345d0e8f8f4920b0fbb8d0e1660d5483238
#19 exporting manifest list sha256:3a9d7304744842017978053cfbd13345d0e8f8f4920b0fbb8d0e1660d5483238 0.0s done
#19 naming to docker.io/dynamos-local/sql-anonymize:rq3-streaming-extra10 done
#19 unpacking to docker.io/dynamos-local/sql-anonymize:rq3-streaming-extra10 0.1s done
#19 naming to docker.io/dynamos-local/sql-anonymize:latest done
#19 unpacking to docker.io/dynamos-local/sql-anonymize:latest 0.0s done
#19 DONE 0.5s
#0 building with "default" instance using docker driver

#1 [internal] load build definition from Dockerfile
#1 transferring dockerfile: 782B done
#1 DONE 0.1s

#2 [internal] load metadata for docker.io/library/golang:1.22.1-bullseye
#2 DONE 0.1s

#3 [internal] load metadata for docker.io/library/alpine:3.18.2
#3 DONE 0.3s

#4 [internal] load .dockerignore
#4 transferring context: 2B done
#4 DONE 0.1s

#5 [stage-1 1/4] FROM docker.io/library/alpine:3.18.2@sha256:82d1e9d7ed48a7523bdebc18cf6290bdb97b82302a8a9c27d4fe885949ea94d1
#5 resolve docker.io/library/alpine:3.18.2@sha256:82d1e9d7ed48a7523bdebc18cf6290bdb97b82302a8a9c27d4fe885949ea94d1 0.0s done
#5 DONE 0.0s

#6 [builder 1/9] FROM docker.io/library/golang:1.22.1-bullseye@sha256:dcff0d950cb4648fec14ee51baa76bf27db3bb1e70a49f75421a8828db7b9910
#6 resolve docker.io/library/golang:1.22.1-bullseye@sha256:dcff0d950cb4648fec14ee51baa76bf27db3bb1e70a49f75421a8828db7b9910 0.0s done
#6 DONE 0.1s

#7 [internal] load build context
#7 transferring context: 349.48kB 0.0s done
#7 DONE 0.1s

#8 [stage-1 2/4] RUN apk --no-cache add ca-certificates
#8 CACHED

#9 [builder 2/9] WORKDIR /app/cmd/sql-aggregate
#9 CACHED

#10 [builder 3/9] RUN mkdir /app/pkg
#10 CACHED

#11 [builder 4/9] RUN mkdir /app/etcd
#11 CACHED

#12 [builder 5/9] COPY *.go ./
#12 CACHED

#13 [builder 6/9] COPY go.mod /app
#13 CACHED

#14 [builder 8/9] COPY pkg /app/pkg
#14 CACHED

#15 [builder 9/9] RUN CGO_ENABLED=0 GOOS=linux go build -a -installsuffix cgo -o /go/bin/sql-aggregate .
#15 CACHED

#16 [stage-1 3/4] WORKDIR /app/
#16 CACHED

#17 [builder 7/9] COPY go.sum /app
#17 CACHED

#18 [stage-1 4/4] COPY --from=builder /go/bin/sql-aggregate .
#18 CACHED

#19 exporting to image
#19 exporting layers done
#19 exporting manifest sha256:07b705a79cf54cbb7c762872161600c297bea1a01cf391051abe1444746b7758 done
#19 exporting config sha256:613a07e8a2c74a80c9d4821e9b7c7ce6208d86bc8f27306ff7d203fc28d99b8a done
#19 exporting attestation manifest sha256:82e1ceb5dbc72998cdf4bc2d7c319500e49d63677977eb414a2c2039d857d631
#19 exporting attestation manifest sha256:82e1ceb5dbc72998cdf4bc2d7c319500e49d63677977eb414a2c2039d857d631 0.1s done
#19 exporting manifest list sha256:83cd64ab758cb955b2aeb1c73297dba72302a03c08626059198421f2c683e9d4 0.0s done
#19 naming to docker.io/dynamos-local/sql-aggregate:rq3-streaming-extra10 done
#19 unpacking to docker.io/dynamos-local/sql-aggregate:rq3-streaming-extra10 done
#19 naming to docker.io/dynamos-local/sql-aggregate:latest done
#19 unpacking to docker.io/dynamos-local/sql-aggregate:latest
#19 unpacking to docker.io/dynamos-local/sql-aggregate:latest done
#19 DONE 0.2s
#0 building with "default" instance using docker driver

#1 [internal] load build definition from Dockerfile
#1 transferring dockerfile: 782B done
#1 DONE 0.1s

#2 [internal] load metadata for docker.io/library/golang:1.22.1-bullseye
#2 DONE 0.0s

#3 [internal] load metadata for docker.io/library/alpine:3.18.2
#3 DONE 0.3s

#4 [internal] load .dockerignore
#4 transferring context: 2B done
#4 DONE 0.0s

#5 [internal] load build context
#5 DONE 0.0s

#6 [stage-1 1/4] FROM docker.io/library/alpine:3.18.2@sha256:82d1e9d7ed48a7523bdebc18cf6290bdb97b82302a8a9c27d4fe885949ea94d1
#6 resolve docker.io/library/alpine:3.18.2@sha256:82d1e9d7ed48a7523bdebc18cf6290bdb97b82302a8a9c27d4fe885949ea94d1 0.1s done
#6 DONE 0.1s

#7 [builder 1/9] FROM docker.io/library/golang:1.22.1-bullseye@sha256:dcff0d950cb4648fec14ee51baa76bf27db3bb1e70a49f75421a8828db7b9910
#7 resolve docker.io/library/golang:1.22.1-bullseye@sha256:dcff0d950cb4648fec14ee51baa76bf27db3bb1e70a49f75421a8828db7b9910
#7 resolve docker.io/library/golang:1.22.1-bullseye@sha256:dcff0d950cb4648fec14ee51baa76bf27db3bb1e70a49f75421a8828db7b9910 0.1s done
#7 DONE 0.1s

#5 [internal] load build context
#5 transferring context: 332.65kB 0.0s done
#5 DONE 0.1s

#8 [builder 6/9] COPY go.mod /app
#8 CACHED

#9 [stage-1 2/4] RUN apk --no-cache add ca-certificates
#9 CACHED

#10 [builder 4/9] RUN mkdir /app/etcd
#10 CACHED

#11 [builder 3/9] RUN mkdir /app/pkg
#11 CACHED

#12 [builder 7/9] COPY go.sum /app
#12 CACHED

#13 [builder 9/9] RUN CGO_ENABLED=0 GOOS=linux go build -a -installsuffix cgo -o /go/bin/sql-test .
#13 CACHED

#14 [builder 2/9] WORKDIR /app/cmd/sql-test
#14 CACHED

#15 [builder 5/9] COPY *.go ./
#15 CACHED

#16 [stage-1 3/4] WORKDIR /app/
#16 CACHED

#17 [builder 8/9] COPY pkg /app/pkg
#17 CACHED

#18 [stage-1 4/4] COPY --from=builder /go/bin/sql-test .
#18 CACHED

#19 exporting to image
#19 exporting layers done
#19 exporting manifest sha256:898c93ae308de147d2850eaa8b2c638142aaca870dc7d28b8cd793025f7e747a done
#19 exporting config sha256:d2281d63ba7ffbf1ea299decedfd1920d08b0f13d1ece4741fbb71fb3edcabbf done
#19 exporting attestation manifest sha256:0da06f6bfe4b84469e917c4b467a91a5a33e632e3ffef763a76d48ca3179442e
#19 exporting attestation manifest sha256:0da06f6bfe4b84469e917c4b467a91a5a33e632e3ffef763a76d48ca3179442e 0.0s done
#19 exporting manifest list sha256:b7df029919843bf7e6a482346988aab6ad9e2662a6a23486c5f5c8311cfa8d2b 0.0s done
#19 naming to docker.io/dynamos-local/sql-test:rq3-streaming-extra10 done
#19 unpacking to docker.io/dynamos-local/sql-test:rq3-streaming-extra10 done
#19 naming to docker.io/dynamos-local/sql-test:latest done
#19 unpacking to docker.io/dynamos-local/sql-test:latest 0.0s done
#19 DONE 0.2s
  WARNING: The script wheel is installed in '/tmp/.local/bin' which is not on PATH.
  Consider adding this directory to PATH or, if you prefer to suppress this warning, use --no-warn-script-location.

[notice] A new release of pip is available: 25.0.1 -> 26.1.2
[notice] To update, run: pip install --upgrade pip
/tmp/.local/lib/python3.12/site-packages/setuptools/_distutils/cmd.py:90: SetuptoolsDeprecationWarning: setup.py install is deprecated.
!!

        ********************************************************************************
        Please avoid running ``setup.py`` directly.
        Instead, use pypa/build, pypa/installer or other
        standards-based tools.

        This deprecation is overdue, please update your project and remove deprecated
        calls to avoid build errors in the future.

        See https://blog.ganssle.io/articles/2021/10/setup-py-deprecated.html for details.
        ********************************************************************************

!!
  self.initialize_options()
#0 building with "default" instance using docker driver

#1 [internal] load build definition from Dockerfile
#1 transferring dockerfile: 595B done
#1 DONE 0.0s

#2 [internal] load metadata for docker.io/library/python:3.12-slim
#2 DONE 0.0s

#3 [internal] load .dockerignore
#3 transferring context: 2B done
#3 DONE 0.0s

#4 [ 1/13] FROM docker.io/library/python:3.12-slim@sha256:ec948fa5f90f4f8907e89f4800cfd2d2e91e391a4bce4a6afa77ba265bc3a2fe
#4 resolve docker.io/library/python:3.12-slim@sha256:ec948fa5f90f4f8907e89f4800cfd2d2e91e391a4bce4a6afa77ba265bc3a2fe 0.0s done
#4 DONE 0.0s

#5 [internal] load build context
#5 transferring context: 62.85MB 0.7s done
#5 DONE 0.8s

#6 [ 2/13] WORKDIR /app
#6 CACHED

#7 [ 4/13] RUN mkdir datasets
#7 CACHED

#8 [ 6/13] COPY requirements.txt .
#8 CACHED

#9 [ 3/13] RUN mkdir sql-query
#9 CACHED

#10 [ 5/13] RUN mkdir protofiles
#10 CACHED

#11 [ 7/13] COPY ./*.py /app/sql-query
#11 CACHED

#12 [ 8/13] COPY ./protofiles/*.py /app/protofiles
#12 CACHED

#13 [ 9/13] COPY ./*.csv /app/datasets
#13 CACHED

#14 [10/13] COPY dynamos-0.1-py3-none-any.whl /tmp/
#14 DONE 0.2s

#15 [11/13] RUN pip install /tmp/dynamos-0.1-py3-none-any.whl
#15 2.716 Processing /tmp/dynamos-0.1-py3-none-any.whl
#15 3.719 Collecting grpcio==1.59.3 (from dynamos==0.1)
#15 3.765   Downloading grpcio-1.59.3-cp312-cp312-manylinux_2_17_x86_64.manylinux2014_x86_64.whl.metadata (4.0 kB)
#15 3.906 Collecting google>=3.0.0 (from dynamos==0.1)
#15 3.920   Downloading google-3.0.0-py2.py3-none-any.whl.metadata (627 bytes)
#15 4.935 Collecting grpcio-tools>=1.59.3 (from dynamos==0.1)
#15 4.945   Downloading grpcio_tools-1.82.1-cp312-cp312-manylinux2014_x86_64.manylinux_2_17_x86_64.whl.metadata (5.3 kB)
#15 4.990 Collecting retrying>=1.3.4 (from dynamos==0.1)
#15 5.005   Downloading retrying-1.4.2-py3-none-any.whl.metadata (5.5 kB)
#15 5.053 Collecting grpclib>=0.4.5 (from dynamos==0.1)
#15 5.068   Downloading grpclib-0.4.9-py3-none-any.whl.metadata (6.1 kB)
#15 5.368 Collecting protobuf==4.25.3 (from dynamos==0.1)
#15 5.378   Downloading protobuf-4.25.3-cp37-abi3-manylinux2014_x86_64.whl.metadata (541 bytes)
#15 5.658 Collecting setuptools<81 (from dynamos==0.1)
#15 5.673   Downloading setuptools-80.10.2-py3-none-any.whl.metadata (6.6 kB)
#15 5.770 Collecting opentelemetry-api==1.19.0 (from dynamos==0.1)
#15 5.784   Downloading opentelemetry_api-1.19.0-py3-none-any.whl.metadata (1.4 kB)
#15 5.847 Collecting opentelemetry-instrumentation>=0.40b0 (from dynamos==0.1)
#15 5.857   Downloading opentelemetry_instrumentation-0.64b0-py3-none-any.whl.metadata (7.2 kB)
#15 6.023 Collecting opentelemetry-instrumentation-grpc>=0.40b0 (from dynamos==0.1)
#15 6.037   Downloading opentelemetry_instrumentation_grpc-0.64b0-py3-none-any.whl.metadata (1.9 kB)
#15 6.096 Collecting opentelemetry-semantic-conventions==0.40b0 (from dynamos==0.1)
#15 6.107   Downloading opentelemetry_semantic_conventions-0.40b0-py3-none-any.whl.metadata (2.3 kB)
#15 6.166 Collecting opentelemetry-exporter-otlp==1.19.0 (from dynamos==0.1)
#15 6.178   Downloading opentelemetry_exporter_otlp-1.19.0-py3-none-any.whl.metadata (2.3 kB)
#15 6.218 Collecting opentelemetry-exporter-otlp-proto-common==1.19.0 (from dynamos==0.1)
#15 6.229   Downloading opentelemetry_exporter_otlp_proto_common-1.19.0-py3-none-any.whl.metadata (1.7 kB)
#15 6.288 Collecting opentelemetry-exporter-otlp-proto-grpc==1.19.0 (from dynamos==0.1)
#15 6.303   Downloading opentelemetry_exporter_otlp_proto_grpc-1.19.0-py3-none-any.whl.metadata (2.4 kB)
#15 6.355 Collecting opentelemetry-sdk==1.19.0 (from dynamos==0.1)
#15 6.365   Downloading opentelemetry_sdk-1.19.0-py3-none-any.whl.metadata (1.5 kB)
#15 6.411 Collecting deprecated>=1.2.6 (from opentelemetry-api==1.19.0->dynamos==0.1)
#15 6.425   Downloading deprecated-1.3.1-py2.py3-none-any.whl.metadata (5.9 kB)
#15 6.503 Collecting importlib-metadata~=6.0 (from opentelemetry-api==1.19.0->dynamos==0.1)
#15 6.516   Downloading importlib_metadata-6.11.0-py3-none-any.whl.metadata (4.9 kB)
#15 6.570 Collecting opentelemetry-exporter-otlp-proto-http==1.19.0 (from opentelemetry-exporter-otlp==1.19.0->dynamos==0.1)
#15 6.581   Downloading opentelemetry_exporter_otlp_proto_http-1.19.0-py3-none-any.whl.metadata (2.4 kB)
#15 6.633 Collecting opentelemetry-proto==1.19.0 (from opentelemetry-exporter-otlp-proto-common==1.19.0->dynamos==0.1)
#15 6.654   Downloading opentelemetry_proto-1.19.0-py3-none-any.whl.metadata (2.3 kB)
#15 6.758 Collecting backoff<3.0.0,>=1.10.0 (from opentelemetry-exporter-otlp-proto-grpc==1.19.0->dynamos==0.1)
#15 6.774   Downloading backoff-2.2.1-py3-none-any.whl.metadata (14 kB)
#15 6.827 Collecting googleapis-common-protos~=1.52 (from opentelemetry-exporter-otlp-proto-grpc==1.19.0->dynamos==0.1)
#15 6.836   Downloading googleapis_common_protos-1.75.0-py3-none-any.whl.metadata (8.6 kB)
#15 6.925 Collecting typing-extensions>=3.7.4 (from opentelemetry-sdk==1.19.0->dynamos==0.1)
#15 6.933   Downloading typing_extensions-4.16.0-py3-none-any.whl.metadata (3.3 kB)
#15 7.022 Collecting requests~=2.7 (from opentelemetry-exporter-otlp-proto-http==1.19.0->opentelemetry-exporter-otlp==1.19.0->dynamos==0.1)
#15 7.033   Downloading requests-2.34.2-py3-none-any.whl.metadata (4.8 kB)
#15 7.121 Collecting beautifulsoup4 (from google>=3.0.0->dynamos==0.1)
#15 7.128   Downloading beautifulsoup4-4.15.0-py3-none-any.whl.metadata (3.8 kB)
#15 7.155 INFO: pip is looking at multiple versions of grpcio-tools to determine which version is compatible with other requirements. This could take a while.
#15 7.156 Collecting grpcio-tools>=1.59.3 (from dynamos==0.1)
#15 7.168   Downloading grpcio_tools-1.81.1-cp312-cp312-manylinux2014_x86_64.manylinux_2_17_x86_64.whl.metadata (5.3 kB)
#15 7.203   Downloading grpcio_tools-1.81.0-cp312-cp312-manylinux2014_x86_64.manylinux_2_17_x86_64.whl.metadata (5.3 kB)
#15 7.225   Downloading grpcio_tools-1.80.0-cp312-cp312-manylinux2014_x86_64.manylinux_2_17_x86_64.whl.metadata (5.3 kB)
#15 7.261   Downloading grpcio_tools-1.78.0-cp312-cp312-manylinux2014_x86_64.manylinux_2_17_x86_64.whl.metadata (5.3 kB)
#15 7.286   Downloading grpcio_tools-1.76.0-cp312-cp312-manylinux2014_x86_64.manylinux_2_17_x86_64.whl.metadata (5.3 kB)
#15 7.315   Downloading grpcio_tools-1.75.1-cp312-cp312-manylinux2014_x86_64.manylinux_2_17_x86_64.whl.metadata (5.3 kB)
#15 7.347   Downloading grpcio_tools-1.75.0-cp312-cp312-manylinux2014_x86_64.manylinux_2_17_x86_64.whl.metadata (5.3 kB)
#15 7.362 INFO: pip is still looking at multiple versions of grpcio-tools to determine which version is compatible with other requirements. This could take a while.
#15 7.377   Downloading grpcio_tools-1.74.0-cp312-cp312-manylinux_2_17_x86_64.manylinux2014_x86_64.whl.metadata (5.3 kB)
#15 7.416   Downloading grpcio_tools-1.73.1-cp312-cp312-manylinux_2_17_x86_64.manylinux2014_x86_64.whl.metadata (5.3 kB)
#15 7.461   Downloading grpcio_tools-1.73.0-cp312-cp312-manylinux_2_17_x86_64.manylinux2014_x86_64.whl.metadata (5.3 kB)
#15 7.514   Downloading grpcio_tools-1.72.2-cp312-cp312-manylinux_2_17_x86_64.manylinux2014_x86_64.whl.metadata (5.3 kB)
#15 7.539   Downloading grpcio_tools-1.72.1-cp312-cp312-manylinux_2_17_x86_64.manylinux2014_x86_64.whl.metadata (5.3 kB)
#15 7.554 INFO: This is taking longer than usual. You might need to provide the dependency resolver with stricter constraints to reduce runtime. See https://pip.pypa.io/warnings/backtracking for guidance. If you want to abort this run, press Ctrl + C.
#15 7.568   Downloading grpcio_tools-1.71.2-cp312-cp312-manylinux_2_17_x86_64.manylinux2014_x86_64.whl.metadata (5.3 kB)
#15 7.608   Downloading grpcio_tools-1.71.0-cp312-cp312-manylinux_2_17_x86_64.manylinux2014_x86_64.whl.metadata (5.3 kB)
#15 7.673   Downloading grpcio_tools-1.70.0-cp312-cp312-manylinux_2_17_x86_64.manylinux2014_x86_64.whl.metadata (5.3 kB)
#15 7.713   Downloading grpcio_tools-1.69.0-cp312-cp312-manylinux_2_17_x86_64.manylinux2014_x86_64.whl.metadata (5.3 kB)
#15 7.748   Downloading grpcio_tools-1.68.1-cp312-cp312-manylinux_2_17_x86_64.manylinux2014_x86_64.whl.metadata (5.3 kB)
#15 7.976   Downloading grpcio_tools-1.68.0-cp312-cp312-manylinux_2_17_x86_64.manylinux2014_x86_64.whl.metadata (5.3 kB)
#15 8.103   Downloading grpcio_tools-1.67.1-cp312-cp312-manylinux_2_17_x86_64.manylinux2014_x86_64.whl.metadata (5.3 kB)
#15 8.144   Downloading grpcio_tools-1.67.0-cp312-cp312-manylinux_2_17_x86_64.manylinux2014_x86_64.whl.metadata (5.3 kB)
#15 8.199   Downloading grpcio_tools-1.66.2-cp312-cp312-manylinux_2_17_x86_64.manylinux2014_x86_64.whl.metadata (5.3 kB)
#15 8.369   Downloading grpcio_tools-1.66.1-cp312-cp312-manylinux_2_17_x86_64.manylinux2014_x86_64.whl.metadata (5.3 kB)
#15 8.429   Downloading grpcio_tools-1.66.0-cp312-cp312-manylinux_2_17_x86_64.manylinux2014_x86_64.whl.metadata (5.3 kB)
#15 8.514   Downloading grpcio_tools-1.65.5-cp312-cp312-manylinux_2_17_x86_64.manylinux2014_x86_64.whl.metadata (5.3 kB)
#15 8.596   Downloading grpcio_tools-1.65.4-cp312-cp312-manylinux_2_17_x86_64.manylinux2014_x86_64.whl.metadata (5.3 kB)
#15 8.657   Downloading grpcio_tools-1.65.2-cp312-cp312-manylinux_2_17_x86_64.manylinux2014_x86_64.whl.metadata (5.3 kB)
#15 8.712   Downloading grpcio_tools-1.65.1-cp312-cp312-manylinux_2_17_x86_64.manylinux2014_x86_64.whl.metadata (5.3 kB)
#15 8.740   Downloading grpcio_tools-1.64.3-cp312-cp312-manylinux_2_17_x86_64.manylinux2014_x86_64.whl.metadata (5.3 kB)
#15 8.798   Downloading grpcio_tools-1.64.1-cp312-cp312-manylinux_2_17_x86_64.manylinux2014_x86_64.whl.metadata (5.3 kB)
#15 8.904   Downloading grpcio_tools-1.64.0-cp312-cp312-manylinux_2_17_x86_64.manylinux2014_x86_64.whl.metadata (5.3 kB)
#15 8.990   Downloading grpcio_tools-1.63.2-cp312-cp312-manylinux_2_17_x86_64.manylinux2014_x86_64.whl.metadata (5.3 kB)
#15 9.081   Downloading grpcio_tools-1.63.0-cp312-cp312-manylinux_2_17_x86_64.manylinux2014_x86_64.whl.metadata (5.3 kB)
#15 9.179   Downloading grpcio_tools-1.62.3-cp312-cp312-manylinux_2_17_x86_64.manylinux2014_x86_64.whl.metadata (6.2 kB)
#15 9.283   Downloading grpcio_tools-1.62.2-cp312-cp312-manylinux_2_17_x86_64.manylinux2014_x86_64.whl.metadata (6.2 kB)
#15 9.402   Downloading grpcio_tools-1.62.1-cp312-cp312-manylinux_2_17_x86_64.manylinux2014_x86_64.whl.metadata (6.2 kB)
#15 9.491   Downloading grpcio_tools-1.62.0-cp312-cp312-manylinux_2_17_x86_64.manylinux2014_x86_64.whl.metadata (6.2 kB)
#15 9.554   Downloading grpcio_tools-1.61.3-cp312-cp312-manylinux_2_17_x86_64.manylinux2014_x86_64.whl.metadata (6.2 kB)
#15 9.640   Downloading grpcio_tools-1.60.2-cp312-cp312-manylinux_2_17_x86_64.manylinux2014_x86_64.whl.metadata (6.2 kB)
#15 9.714   Downloading grpcio_tools-1.60.1-cp312-cp312-manylinux_2_17_x86_64.manylinux2014_x86_64.whl.metadata (6.2 kB)
#15 9.774   Downloading grpcio_tools-1.60.0-cp312-cp312-manylinux_2_17_x86_64.manylinux2014_x86_64.whl.metadata (6.2 kB)
#15 9.836   Downloading grpcio_tools-1.59.5-cp312-cp312-manylinux_2_17_x86_64.manylinux2014_x86_64.whl.metadata (6.2 kB)
#15 9.893   Downloading grpcio_tools-1.59.3-cp312-cp312-manylinux_2_17_x86_64.manylinux2014_x86_64.whl.metadata (6.2 kB)
#15 10.00 Collecting h2<5,>=3.1.0 (from grpclib>=0.4.5->dynamos==0.1)
#15 10.02   Downloading h2-4.3.0-py3-none-any.whl.metadata (5.1 kB)
#15 10.60 Collecting multidict (from grpclib>=0.4.5->dynamos==0.1)
#15 10.61   Downloading multidict-6.7.1-cp312-cp312-manylinux2014_x86_64.manylinux_2_17_x86_64.manylinux_2_28_x86_64.whl.metadata (5.3 kB)
#15 10.64 INFO: pip is looking at multiple versions of opentelemetry-instrumentation to determine which version is compatible with other requirements. This could take a while.
#15 10.64 Collecting opentelemetry-instrumentation>=0.40b0 (from dynamos==0.1)
#15 10.65   Downloading opentelemetry_instrumentation-0.63b1-py3-none-any.whl.metadata (7.2 kB)
#15 10.69   Downloading opentelemetry_instrumentation-0.63b0-py3-none-any.whl.metadata (7.2 kB)
#15 10.72   Downloading opentelemetry_instrumentation-0.62b1-py3-none-any.whl.metadata (7.2 kB)
#15 10.76   Downloading opentelemetry_instrumentation-0.62b0-py3-none-any.whl.metadata (7.2 kB)
#15 10.79   Downloading opentelemetry_instrumentation-0.61b0-py3-none-any.whl.metadata (7.2 kB)
#15 10.82   Downloading opentelemetry_instrumentation-0.60b1-py3-none-any.whl.metadata (7.2 kB)
#15 10.86   Downloading opentelemetry_instrumentation-0.60b0-py3-none-any.whl.metadata (7.2 kB)
#15 10.89 INFO: pip is still looking at multiple versions of opentelemetry-instrumentation to determine which version is compatible with other requirements. This could take a while.
#15 10.90   Downloading opentelemetry_instrumentation-0.59b0-py3-none-any.whl.metadata (7.1 kB)
#15 10.93   Downloading opentelemetry_instrumentation-0.58b0-py3-none-any.whl.metadata (7.1 kB)
#15 10.98   Downloading opentelemetry_instrumentation-0.57b0-py3-none-any.whl.metadata (6.7 kB)
#15 11.01   Downloading opentelemetry_instrumentation-0.56b0-py3-none-any.whl.metadata (6.7 kB)
#15 11.04   Downloading opentelemetry_instrumentation-0.55b1-py3-none-any.whl.metadata (6.7 kB)
#15 11.06 INFO: This is taking longer than usual. You might need to provide the dependency resolver with stricter constraints to reduce runtime. See https://pip.pypa.io/warnings/backtracking for guidance. If you want to abort this run, press Ctrl + C.
#15 11.07   Downloading opentelemetry_instrumentation-0.55b0-py3-none-any.whl.metadata (6.7 kB)
#15 11.11   Downloading opentelemetry_instrumentation-0.54b1-py3-none-any.whl.metadata (6.8 kB)
#15 11.14   Downloading opentelemetry_instrumentation-0.54b0-py3-none-any.whl.metadata (6.8 kB)
#15 11.18   Downloading opentelemetry_instrumentation-0.53b1-py3-none-any.whl.metadata (6.8 kB)
#15 11.21   Downloading opentelemetry_instrumentation-0.53b0-py3-none-any.whl.metadata (6.8 kB)
#15 11.24   Downloading opentelemetry_instrumentation-0.52b1-py3-none-any.whl.metadata (6.8 kB)
#15 11.27   Downloading opentelemetry_instrumentation-0.52b0-py3-none-any.whl.metadata (6.8 kB)
#15 11.31   Downloading opentelemetry_instrumentation-0.51b0-py3-none-any.whl.metadata (6.3 kB)
#15 11.34   Downloading opentelemetry_instrumentation-0.50b0-py3-none-any.whl.metadata (6.1 kB)
#15 11.37   Downloading opentelemetry_instrumentation-0.49b2-py3-none-any.whl.metadata (6.1 kB)
#15 11.40   Downloading opentelemetry_instrumentation-0.49b1-py3-none-any.whl.metadata (6.2 kB)
#15 11.44   Downloading opentelemetry_instrumentation-0.49b0-py3-none-any.whl.metadata (6.2 kB)
#15 11.47   Downloading opentelemetry_instrumentation-0.48b0-py3-none-any.whl.metadata (6.1 kB)
#15 12.04 Collecting wrapt<2.0.0,>=1.0.0 (from opentelemetry-instrumentation>=0.40b0->dynamos==0.1)
#15 12.05   Downloading wrapt-1.17.3-cp312-cp312-manylinux1_x86_64.manylinux_2_28_x86_64.manylinux_2_5_x86_64.whl.metadata (6.4 kB)
#15 12.09 INFO: pip is looking at multiple versions of opentelemetry-instrumentation-grpc to determine which version is compatible with other requirements. This could take a while.
#15 12.09 Collecting opentelemetry-instrumentation-grpc>=0.40b0 (from dynamos==0.1)
#15 12.10   Downloading opentelemetry_instrumentation_grpc-0.63b1-py3-none-any.whl.metadata (1.9 kB)
#15 12.14   Downloading opentelemetry_instrumentation_grpc-0.63b0-py3-none-any.whl.metadata (1.9 kB)
#15 12.17   Downloading opentelemetry_instrumentation_grpc-0.62b1-py3-none-any.whl.metadata (2.0 kB)
#15 12.20   Downloading opentelemetry_instrumentation_grpc-0.62b0-py3-none-any.whl.metadata (2.0 kB)
#15 12.24   Downloading opentelemetry_instrumentation_grpc-0.61b0-py3-none-any.whl.metadata (2.0 kB)
#15 12.27   Downloading opentelemetry_instrumentation_grpc-0.60b1-py3-none-any.whl.metadata (1.9 kB)
#15 12.30   Downloading opentelemetry_instrumentation_grpc-0.60b0-py3-none-any.whl.metadata (1.9 kB)
#15 12.32 INFO: pip is still looking at multiple versions of opentelemetry-instrumentation-grpc to determine which version is compatible with other requirements. This could take a while.
#15 12.34   Downloading opentelemetry_instrumentation_grpc-0.59b0-py3-none-any.whl.metadata (1.9 kB)
#15 12.37   Downloading opentelemetry_instrumentation_grpc-0.58b0-py3-none-any.whl.metadata (1.9 kB)
#15 12.40   Downloading opentelemetry_instrumentation_grpc-0.57b0-py3-none-any.whl.metadata (1.9 kB)
#15 12.43   Downloading opentelemetry_instrumentation_grpc-0.56b0-py3-none-any.whl.metadata (1.9 kB)
#15 12.46   Downloading opentelemetry_instrumentation_grpc-0.55b1-py3-none-any.whl.metadata (1.9 kB)
#15 12.49 INFO: This is taking longer than usual. You might need to provide the dependency resolver with stricter constraints to reduce runtime. See https://pip.pypa.io/warnings/backtracking for guidance. If you want to abort this run, press Ctrl + C.
#15 12.50   Downloading opentelemetry_instrumentation_grpc-0.55b0-py3-none-any.whl.metadata (1.9 kB)
#15 12.54   Downloading opentelemetry_instrumentation_grpc-0.54b1-py3-none-any.whl.metadata (2.0 kB)
#15 12.57   Downloading opentelemetry_instrumentation_grpc-0.54b0-py3-none-any.whl.metadata (2.0 kB)
#15 12.60   Downloading opentelemetry_instrumentation_grpc-0.53b1-py3-none-any.whl.metadata (2.0 kB)
#15 12.62   Downloading opentelemetry_instrumentation_grpc-0.53b0-py3-none-any.whl.metadata (2.0 kB)
#15 12.66   Downloading opentelemetry_instrumentation_grpc-0.52b1-py3-none-any.whl.metadata (2.0 kB)
#15 12.69   Downloading opentelemetry_instrumentation_grpc-0.52b0-py3-none-any.whl.metadata (2.0 kB)
#15 12.72   Downloading opentelemetry_instrumentation_grpc-0.51b0-py3-none-any.whl.metadata (2.0 kB)
#15 12.74   Downloading opentelemetry_instrumentation_grpc-0.50b0-py3-none-any.whl.metadata (1.8 kB)
#15 12.78   Downloading opentelemetry_instrumentation_grpc-0.49b2-py3-none-any.whl.metadata (1.8 kB)
#15 12.81   Downloading opentelemetry_instrumentation_grpc-0.49b1-py3-none-any.whl.metadata (1.8 kB)
#15 12.84   Downloading opentelemetry_instrumentation_grpc-0.49b0-py3-none-any.whl.metadata (1.8 kB)
#15 12.87   Downloading opentelemetry_instrumentation_grpc-0.48b0-py3-none-any.whl.metadata (1.8 kB)
#15 12.91   Downloading opentelemetry_instrumentation_grpc-0.47b0-py3-none-any.whl.metadata (1.8 kB)
#15 12.94 Collecting opentelemetry-instrumentation>=0.40b0 (from dynamos==0.1)
#15 12.95   Downloading opentelemetry_instrumentation-0.47b0-py3-none-any.whl.metadata (6.1 kB)
#15 12.97 Collecting opentelemetry-instrumentation-grpc>=0.40b0 (from dynamos==0.1)
#15 12.99   Downloading opentelemetry_instrumentation_grpc-0.46b0-py3-none-any.whl.metadata (1.8 kB)
#15 13.00 Collecting opentelemetry-instrumentation>=0.40b0 (from dynamos==0.1)
#15 13.02   Downloading opentelemetry_instrumentation-0.46b0-py3-none-any.whl.metadata (6.1 kB)
#15 13.03 Collecting opentelemetry-instrumentation-grpc>=0.40b0 (from dynamos==0.1)
#15 13.05   Downloading opentelemetry_instrumentation_grpc-0.45b0-py3-none-any.whl.metadata (1.8 kB)
#15 13.08 Collecting opentelemetry-instrumentation>=0.40b0 (from dynamos==0.1)
#15 13.09   Downloading opentelemetry_instrumentation-0.45b0-py3-none-any.whl.metadata (6.1 kB)
#15 13.13 Collecting opentelemetry-instrumentation-grpc>=0.40b0 (from dynamos==0.1)
#15 13.15   Downloading opentelemetry_instrumentation_grpc-0.44b0-py3-none-any.whl.metadata (2.1 kB)
#15 13.18 Collecting opentelemetry-instrumentation>=0.40b0 (from dynamos==0.1)
#15 13.19   Downloading opentelemetry_instrumentation-0.44b0-py3-none-any.whl.metadata (6.1 kB)
#15 13.22 Collecting opentelemetry-instrumentation-grpc>=0.40b0 (from dynamos==0.1)
#15 13.23   Downloading opentelemetry_instrumentation_grpc-0.43b0-py3-none-any.whl.metadata (2.2 kB)
#15 13.25 Collecting opentelemetry-instrumentation>=0.40b0 (from dynamos==0.1)
#15 13.26   Downloading opentelemetry_instrumentation-0.43b0-py3-none-any.whl.metadata (5.9 kB)
#15 13.29 Collecting opentelemetry-instrumentation-grpc>=0.40b0 (from dynamos==0.1)
#15 13.30   Downloading opentelemetry_instrumentation_grpc-0.42b0-py3-none-any.whl.metadata (2.2 kB)
#15 13.32 Collecting opentelemetry-instrumentation>=0.40b0 (from dynamos==0.1)
#15 13.33   Downloading opentelemetry_instrumentation-0.42b0-py3-none-any.whl.metadata (5.9 kB)
#15 13.35 Collecting opentelemetry-instrumentation-grpc>=0.40b0 (from dynamos==0.1)
#15 13.36   Downloading opentelemetry_instrumentation_grpc-0.41b0-py3-none-any.whl.metadata (2.2 kB)
#15 13.38 Collecting opentelemetry-instrumentation>=0.40b0 (from dynamos==0.1)
#15 13.39   Downloading opentelemetry_instrumentation-0.41b0-py3-none-any.whl.metadata (5.9 kB)
#15 13.41 Collecting opentelemetry-instrumentation-grpc>=0.40b0 (from dynamos==0.1)
#15 13.42   Downloading opentelemetry_instrumentation_grpc-0.40b0-py3-none-any.whl.metadata (2.2 kB)
#15 13.45 Collecting opentelemetry-instrumentation>=0.40b0 (from dynamos==0.1)
#15 13.46   Downloading opentelemetry_instrumentation-0.40b0-py3-none-any.whl.metadata (5.9 kB)
#15 13.51 INFO: pip is looking at multiple versions of googleapis-common-protos to determine which version is compatible with other requirements. This could take a while.
#15 13.51 Collecting googleapis-common-protos~=1.52 (from opentelemetry-exporter-otlp-proto-grpc==1.19.0->dynamos==0.1)
#15 13.52   Downloading googleapis_common_protos-1.74.0-py3-none-any.whl.metadata (9.2 kB)
#15 13.55   Downloading googleapis_common_protos-1.73.1-py3-none-any.whl.metadata (9.2 kB)
#15 13.58   Downloading googleapis_common_protos-1.73.0-py3-none-any.whl.metadata (9.4 kB)
#15 13.64 Collecting hyperframe<7,>=6.1 (from h2<5,>=3.1.0->grpclib>=0.4.5->dynamos==0.1)
#15 13.65   Downloading hyperframe-6.1.0-py3-none-any.whl.metadata (4.3 kB)
#15 13.69 Collecting hpack<5,>=4.1 (from h2<5,>=3.1.0->grpclib>=0.4.5->dynamos==0.1)
#15 13.70   Downloading hpack-4.2.0-py3-none-any.whl.metadata (3.3 kB)
#15 13.76 Collecting zipp>=0.5 (from importlib-metadata~=6.0->opentelemetry-api==1.19.0->dynamos==0.1)
#15 13.77   Downloading zipp-4.1.0-py3-none-any.whl.metadata (3.6 kB)
#15 13.85 Collecting soupsieve>=1.6.1 (from beautifulsoup4->google>=3.0.0->dynamos==0.1)
#15 13.86   Downloading soupsieve-2.8.4-py3-none-any.whl.metadata (4.6 kB)
#15 14.10 Collecting charset_normalizer<4,>=2 (from requests~=2.7->opentelemetry-exporter-otlp-proto-http==1.19.0->opentelemetry-exporter-otlp==1.19.0->dynamos==0.1)
#15 14.12   Downloading charset_normalizer-3.4.9-cp312-cp312-manylinux2014_x86_64.manylinux_2_17_x86_64.manylinux_2_28_x86_64.whl.metadata (41 kB)
#15 14.19 Collecting idna<4,>=2.5 (from requests~=2.7->opentelemetry-exporter-otlp-proto-http==1.19.0->opentelemetry-exporter-otlp==1.19.0->dynamos==0.1)
#15 14.20   Downloading idna-3.18-py3-none-any.whl.metadata (6.1 kB)
#15 14.27 Collecting urllib3<3,>=1.26 (from requests~=2.7->opentelemetry-exporter-otlp-proto-http==1.19.0->opentelemetry-exporter-otlp==1.19.0->dynamos==0.1)
#15 14.28   Downloading urllib3-2.7.0-py3-none-any.whl.metadata (6.9 kB)
#15 14.36 Collecting certifi>=2023.5.7 (from requests~=2.7->opentelemetry-exporter-otlp-proto-http==1.19.0->opentelemetry-exporter-otlp==1.19.0->dynamos==0.1)
#15 14.37   Downloading certifi-2026.6.17-py3-none-any.whl.metadata (2.5 kB)
#15 14.42 Downloading grpcio-1.59.3-cp312-cp312-manylinux_2_17_x86_64.manylinux2014_x86_64.whl (5.3 MB)
#15 16.93    ━━━━━━━━━━━━━━━━━━━━━━━━━━━━━━━━━━━━━━━━ 5.3/5.3 MB 2.1 MB/s eta 0:00:00
#15 16.95 Downloading opentelemetry_api-1.19.0-py3-none-any.whl (57 kB)
#15 17.01 Downloading opentelemetry_exporter_otlp-1.19.0-py3-none-any.whl (7.0 kB)
#15 17.04 Downloading opentelemetry_exporter_otlp_proto_common-1.19.0-py3-none-any.whl (17 kB)
#15 17.07 Downloading opentelemetry_exporter_otlp_proto_grpc-1.19.0-py3-none-any.whl (18 kB)
#15 17.11 Downloading opentelemetry_sdk-1.19.0-py3-none-any.whl (103 kB)
#15 17.19 Downloading opentelemetry_semantic_conventions-0.40b0-py3-none-any.whl (26 kB)
#15 17.23 Downloading protobuf-4.25.3-cp37-abi3-manylinux2014_x86_64.whl (294 kB)
#15 17.41 Downloading opentelemetry_exporter_otlp_proto_http-1.19.0-py3-none-any.whl (17 kB)
#15 17.45 Downloading opentelemetry_proto-1.19.0-py3-none-any.whl (50 kB)
#15 17.51 Downloading google-3.0.0-py2.py3-none-any.whl (45 kB)
#15 17.55 Downloading grpcio_tools-1.59.3-cp312-cp312-manylinux_2_17_x86_64.manylinux2014_x86_64.whl (2.7 MB)
#15 18.67    ━━━━━━━━━━━━━━━━━━━━━━━━━━━━━━━━━━━━━━━━ 2.7/2.7 MB 2.4 MB/s eta 0:00:00
#15 18.68 Downloading grpclib-0.4.9-py3-none-any.whl (77 kB)
#15 18.73 Downloading opentelemetry_instrumentation_grpc-0.40b0-py3-none-any.whl (26 kB)
#15 18.78 Downloading opentelemetry_instrumentation-0.40b0-py3-none-any.whl (25 kB)
#15 18.81 Downloading retrying-1.4.2-py3-none-any.whl (10 kB)
#15 18.83 Downloading setuptools-80.10.2-py3-none-any.whl (1.1 MB)
#15 19.31    ━━━━━━━━━━━━━━━━━━━━━━━━━━━━━━━━━━━━━━━━ 1.1/1.1 MB 2.2 MB/s eta 0:00:00
#15 19.32 Downloading backoff-2.2.1-py3-none-any.whl (15 kB)
#15 19.36 Downloading deprecated-1.3.1-py2.py3-none-any.whl (11 kB)
#15 19.38 Downloading googleapis_common_protos-1.73.0-py3-none-any.whl (297 kB)
#15 19.54 Downloading h2-4.3.0-py3-none-any.whl (61 kB)
#15 19.59 Downloading importlib_metadata-6.11.0-py3-none-any.whl (23 kB)
#15 19.62 Downloading typing_extensions-4.16.0-py3-none-any.whl (45 kB)
#15 19.68 Downloading wrapt-1.17.3-cp312-cp312-manylinux1_x86_64.manylinux_2_28_x86_64.manylinux_2_5_x86_64.whl (88 kB)
#15 19.74 Downloading beautifulsoup4-4.15.0-py3-none-any.whl (109 kB)
#15 19.81 Downloading multidict-6.7.1-cp312-cp312-manylinux2014_x86_64.manylinux_2_17_x86_64.manylinux_2_28_x86_64.whl (256 kB)
#15 19.95 Downloading hpack-4.2.0-py3-none-any.whl (34 kB)
#15 19.98 Downloading hyperframe-6.1.0-py3-none-any.whl (13 kB)
#15 20.00 Downloading requests-2.34.2-py3-none-any.whl (73 kB)
#15 20.07 Downloading soupsieve-2.8.4-py3-none-any.whl (37 kB)
#15 20.11 Downloading zipp-4.1.0-py3-none-any.whl (10 kB)
#15 20.13 Downloading certifi-2026.6.17-py3-none-any.whl (133 kB)
#15 20.21 Downloading charset_normalizer-3.4.9-cp312-cp312-manylinux2014_x86_64.manylinux_2_17_x86_64.manylinux_2_28_x86_64.whl (224 kB)
#15 20.34 Downloading idna-3.18-py3-none-any.whl (65 kB)
#15 20.41 Downloading urllib3-2.7.0-py3-none-any.whl (131 kB)
#15 20.63 Installing collected packages: zipp, wrapt, urllib3, typing-extensions, soupsieve, setuptools, retrying, protobuf, opentelemetry-semantic-conventions, multidict, idna, hyperframe, hpack, grpcio, charset_normalizer, certifi, backoff, requests, opentelemetry-proto, importlib-metadata, h2, grpcio-tools, googleapis-common-protos, deprecated, beautifulsoup4, opentelemetry-exporter-otlp-proto-common, opentelemetry-api, grpclib, google, opentelemetry-sdk, opentelemetry-instrumentation, opentelemetry-instrumentation-grpc, opentelemetry-exporter-otlp-proto-http, opentelemetry-exporter-otlp-proto-grpc, opentelemetry-exporter-otlp, dynamos
#15 22.94 Successfully installed backoff-2.2.1 beautifulsoup4-4.15.0 certifi-2026.6.17 charset_normalizer-3.4.9 deprecated-1.3.1 dynamos-0.1 google-3.0.0 googleapis-common-protos-1.73.0 grpcio-1.59.3 grpcio-tools-1.59.3 grpclib-0.4.9 h2-4.3.0 hpack-4.2.0 hyperframe-6.1.0 idna-3.18 importlib-metadata-6.11.0 multidict-6.7.1 opentelemetry-api-1.19.0 opentelemetry-exporter-otlp-1.19.0 opentelemetry-exporter-otlp-proto-common-1.19.0 opentelemetry-exporter-otlp-proto-grpc-1.19.0 opentelemetry-exporter-otlp-proto-http-1.19.0 opentelemetry-instrumentation-0.40b0 opentelemetry-instrumentation-grpc-0.40b0 opentelemetry-proto-1.19.0 opentelemetry-sdk-1.19.0 opentelemetry-semantic-conventions-0.40b0 protobuf-4.25.3 requests-2.34.2 retrying-1.4.2 setuptools-80.10.2 soupsieve-2.8.4 typing-extensions-4.16.0 urllib3-2.7.0 wrapt-1.17.3 zipp-4.1.0
#15 22.94 WARNING: Running pip as the 'root' user can result in broken permissions and conflicting behaviour with the system package manager, possibly rendering your system unusable. It is recommended to use a virtual environment instead: https://pip.pypa.io/warnings/venv. Use the --root-user-action option if you know what you are doing and want to suppress this warning.
#15 23.08 
#15 23.08 [notice] A new release of pip is available: 25.0.1 -> 26.1.2
#15 23.08 [notice] To update, run: pip install --upgrade pip
#15 DONE 23.4s

#16 [12/13] RUN pip install --no-cache-dir -r requirements.txt
#16 0.930 Collecting pandas>=2.2.2 (from -r requirements.txt (line 1))
#16 0.971   Downloading pandas-3.0.3-cp312-cp312-manylinux_2_24_x86_64.manylinux_2_28_x86_64.whl.metadata (79 kB)
#16 1.043 Requirement already satisfied: dynamos>=0.1 in /usr/local/lib/python3.12/site-packages (from -r requirements.txt (line 2)) (0.1)
#16 1.141 Collecting pandasql>=0.7.3 (from -r requirements.txt (line 3))
#16 1.153   Downloading pandasql-0.7.3.tar.gz (26 kB)
#16 1.167   Installing build dependencies: started
#16 3.027   Installing build dependencies: finished with status 'done'
#16 3.029   Getting requirements to build wheel: started
#16 3.272   Getting requirements to build wheel: finished with status 'done'
#16 3.274   Preparing metadata (pyproject.toml): started
#16 3.473   Preparing metadata (pyproject.toml): finished with status 'done'
#16 3.475 Requirement already satisfied: opentelemetry-api>=1.19.0 in /usr/local/lib/python3.12/site-packages (from -r requirements.txt (line 4)) (1.19.0)
#16 3.476 Requirement already satisfied: opentelemetry-instrumentation>=0.40b0 in /usr/local/lib/python3.12/site-packages (from -r requirements.txt (line 5)) (0.40b0)
#16 3.827 Collecting numpy>=1.26.0 (from pandas>=2.2.2->-r requirements.txt (line 1))
#16 3.842   Downloading numpy-2.5.1-cp312-cp312-manylinux_2_27_x86_64.manylinux_2_28_x86_64.whl.metadata (6.6 kB)
#16 3.868 Collecting python-dateutil>=2.8.2 (from pandas>=2.2.2->-r requirements.txt (line 1))
#16 3.877   Downloading python_dateutil-2.9.0.post0-py2.py3-none-any.whl.metadata (8.4 kB)
#16 3.888 Requirement already satisfied: grpcio==1.59.3 in /usr/local/lib/python3.12/site-packages (from dynamos>=0.1->-r requirements.txt (line 2)) (1.59.3)
#16 3.891 Requirement already satisfied: google>=3.0.0 in /usr/local/lib/python3.12/site-packages (from dynamos>=0.1->-r requirements.txt (line 2)) (3.0.0)
#16 3.893 Requirement already satisfied: grpcio-tools>=1.59.3 in /usr/local/lib/python3.12/site-packages (from dynamos>=0.1->-r requirements.txt (line 2)) (1.59.3)
#16 3.894 Requirement already satisfied: retrying>=1.3.4 in /usr/local/lib/python3.12/site-packages (from dynamos>=0.1->-r requirements.txt (line 2)) (1.4.2)
#16 3.895 Requirement already satisfied: grpclib>=0.4.5 in /usr/local/lib/python3.12/site-packages (from dynamos>=0.1->-r requirements.txt (line 2)) (0.4.9)
#16 3.895 Requirement already satisfied: protobuf==4.25.3 in /usr/local/lib/python3.12/site-packages (from dynamos>=0.1->-r requirements.txt (line 2)) (4.25.3)
#16 3.896 Requirement already satisfied: setuptools<81 in /usr/local/lib/python3.12/site-packages (from dynamos>=0.1->-r requirements.txt (line 2)) (80.10.2)
#16 3.896 Requirement already satisfied: opentelemetry-instrumentation-grpc>=0.40b0 in /usr/local/lib/python3.12/site-packages (from dynamos>=0.1->-r requirements.txt (line 2)) (0.40b0)
#16 3.897 Requirement already satisfied: opentelemetry-semantic-conventions==0.40b0 in /usr/local/lib/python3.12/site-packages (from dynamos>=0.1->-r requirements.txt (line 2)) (0.40b0)
#16 3.899 Requirement already satisfied: opentelemetry-exporter-otlp==1.19.0 in /usr/local/lib/python3.12/site-packages (from dynamos>=0.1->-r requirements.txt (line 2)) (1.19.0)
#16 3.899 Requirement already satisfied: opentelemetry-exporter-otlp-proto-common==1.19.0 in /usr/local/lib/python3.12/site-packages (from dynamos>=0.1->-r requirements.txt (line 2)) (1.19.0)
#16 3.899 Requirement already satisfied: opentelemetry-exporter-otlp-proto-grpc==1.19.0 in /usr/local/lib/python3.12/site-packages (from dynamos>=0.1->-r requirements.txt (line 2)) (1.19.0)
#16 3.904 Requirement already satisfied: opentelemetry-sdk==1.19.0 in /usr/local/lib/python3.12/site-packages (from dynamos>=0.1->-r requirements.txt (line 2)) (1.19.0)
#16 3.904 Requirement already satisfied: deprecated>=1.2.6 in /usr/local/lib/python3.12/site-packages (from opentelemetry-api>=1.19.0->-r requirements.txt (line 4)) (1.3.1)
#16 3.904 Requirement already satisfied: importlib-metadata~=6.0 in /usr/local/lib/python3.12/site-packages (from opentelemetry-api>=1.19.0->-r requirements.txt (line 4)) (6.11.0)
#16 3.904 Requirement already satisfied: opentelemetry-exporter-otlp-proto-http==1.19.0 in /usr/local/lib/python3.12/site-packages (from opentelemetry-exporter-otlp==1.19.0->dynamos>=0.1->-r requirements.txt (line 2)) (1.19.0)
#16 3.909 Requirement already satisfied: opentelemetry-proto==1.19.0 in /usr/local/lib/python3.12/site-packages (from opentelemetry-exporter-otlp-proto-common==1.19.0->dynamos>=0.1->-r requirements.txt (line 2)) (1.19.0)
#16 3.916 Requirement already satisfied: backoff<3.0.0,>=1.10.0 in /usr/local/lib/python3.12/site-packages (from opentelemetry-exporter-otlp-proto-grpc==1.19.0->dynamos>=0.1->-r requirements.txt (line 2)) (2.2.1)
#16 3.916 Requirement already satisfied: googleapis-common-protos~=1.52 in /usr/local/lib/python3.12/site-packages (from opentelemetry-exporter-otlp-proto-grpc==1.19.0->dynamos>=0.1->-r requirements.txt (line 2)) (1.73.0)
#16 3.919 Requirement already satisfied: typing-extensions>=3.7.4 in /usr/local/lib/python3.12/site-packages (from opentelemetry-sdk==1.19.0->dynamos>=0.1->-r requirements.txt (line 2)) (4.16.0)
#16 3.928 Requirement already satisfied: requests~=2.7 in /usr/local/lib/python3.12/site-packages (from opentelemetry-exporter-otlp-proto-http==1.19.0->opentelemetry-exporter-otlp==1.19.0->dynamos>=0.1->-r requirements.txt (line 2)) (2.34.2)
#16 4.622 Collecting sqlalchemy (from pandasql>=0.7.3->-r requirements.txt (line 3))
#16 4.635   Downloading sqlalchemy-2.0.51-cp312-cp312-manylinux2014_x86_64.manylinux_2_17_x86_64.manylinux_2_28_x86_64.whl.metadata (9.5 kB)
#16 4.649 Requirement already satisfied: wrapt<2.0.0,>=1.0.0 in /usr/local/lib/python3.12/site-packages (from opentelemetry-instrumentation>=0.40b0->-r requirements.txt (line 5)) (1.17.3)
#16 4.655 Requirement already satisfied: beautifulsoup4 in /usr/local/lib/python3.12/site-packages (from google>=3.0.0->dynamos>=0.1->-r requirements.txt (line 2)) (4.15.0)
#16 4.658 Requirement already satisfied: h2<5,>=3.1.0 in /usr/local/lib/python3.12/site-packages (from grpclib>=0.4.5->dynamos>=0.1->-r requirements.txt (line 2)) (4.3.0)
#16 4.659 Requirement already satisfied: multidict in /usr/local/lib/python3.12/site-packages (from grpclib>=0.4.5->dynamos>=0.1->-r requirements.txt (line 2)) (6.7.1)
#16 4.663 Requirement already satisfied: zipp>=0.5 in /usr/local/lib/python3.12/site-packages (from importlib-metadata~=6.0->opentelemetry-api>=1.19.0->-r requirements.txt (line 4)) (4.1.0)
#16 4.689 Collecting six>=1.5 (from python-dateutil>=2.8.2->pandas>=2.2.2->-r requirements.txt (line 1))
#16 4.701   Downloading six-1.17.0-py2.py3-none-any.whl.metadata (1.7 kB)
#16 4.961 Collecting greenlet>=1 (from sqlalchemy->pandasql>=0.7.3->-r requirements.txt (line 3))
#16 4.972   Downloading greenlet-3.5.3-cp312-cp312-manylinux_2_24_x86_64.manylinux_2_28_x86_64.whl.metadata (3.8 kB)
#16 4.981 Requirement already satisfied: hyperframe<7,>=6.1 in /usr/local/lib/python3.12/site-packages (from h2<5,>=3.1.0->grpclib>=0.4.5->dynamos>=0.1->-r requirements.txt (line 2)) (6.1.0)
#16 4.981 Requirement already satisfied: hpack<5,>=4.1 in /usr/local/lib/python3.12/site-packages (from h2<5,>=3.1.0->grpclib>=0.4.5->dynamos>=0.1->-r requirements.txt (line 2)) (4.2.0)
#16 4.990 Requirement already satisfied: soupsieve>=1.6.1 in /usr/local/lib/python3.12/site-packages (from beautifulsoup4->google>=3.0.0->dynamos>=0.1->-r requirements.txt (line 2)) (2.8.4)
#16 4.997 Requirement already satisfied: charset_normalizer<4,>=2 in /usr/local/lib/python3.12/site-packages (from requests~=2.7->opentelemetry-exporter-otlp-proto-http==1.19.0->opentelemetry-exporter-otlp==1.19.0->dynamos>=0.1->-r requirements.txt (line 2)) (3.4.9)
#16 4.997 Requirement already satisfied: idna<4,>=2.5 in /usr/local/lib/python3.12/site-packages (from requests~=2.7->opentelemetry-exporter-otlp-proto-http==1.19.0->opentelemetry-exporter-otlp==1.19.0->dynamos>=0.1->-r requirements.txt (line 2)) (3.18)
#16 4.998 Requirement already satisfied: urllib3<3,>=1.26 in /usr/local/lib/python3.12/site-packages (from requests~=2.7->opentelemetry-exporter-otlp-proto-http==1.19.0->opentelemetry-exporter-otlp==1.19.0->dynamos>=0.1->-r requirements.txt (line 2)) (2.7.0)
#16 4.998 Requirement already satisfied: certifi>=2023.5.7 in /usr/local/lib/python3.12/site-packages (from requests~=2.7->opentelemetry-exporter-otlp-proto-http==1.19.0->opentelemetry-exporter-otlp==1.19.0->dynamos>=0.1->-r requirements.txt (line 2)) (2026.6.17)
#16 5.016 Downloading pandas-3.0.3-cp312-cp312-manylinux_2_24_x86_64.manylinux_2_28_x86_64.whl (10.9 MB)
#16 11.55    ━━━━━━━━━━━━━━━━━━━━━━━━━━━━━━━━━━━━━━━━ 10.9/10.9 MB 1.9 MB/s eta 0:00:00
#16 11.56 Downloading numpy-2.5.1-cp312-cp312-manylinux_2_27_x86_64.manylinux_2_28_x86_64.whl (16.7 MB)
#16 18.61    ━━━━━━━━━━━━━━━━━━━━━━━━━━━━━━━━━━━━━━━━ 16.7/16.7 MB 2.4 MB/s eta 0:00:00
#16 18.62 Downloading python_dateutil-2.9.0.post0-py2.py3-none-any.whl (229 kB)
#16 18.73 Downloading sqlalchemy-2.0.51-cp312-cp312-manylinux2014_x86_64.manylinux_2_17_x86_64.manylinux_2_28_x86_64.whl (3.4 MB)
#16 20.06    ━━━━━━━━━━━━━━━━━━━━━━━━━━━━━━━━━━━━━━━━ 3.4/3.4 MB 2.5 MB/s eta 0:00:00
#16 20.07 Downloading greenlet-3.5.3-cp312-cp312-manylinux_2_24_x86_64.manylinux_2_28_x86_64.whl (614 kB)
#16 20.37    ━━━━━━━━━━━━━━━━━━━━━━━━━━━━━━━━━━━━━━━━ 614.2/614.2 kB 2.0 MB/s eta 0:00:00
#16 20.38 Downloading six-1.17.0-py2.py3-none-any.whl (11 kB)
#16 20.55 Building wheels for collected packages: pandasql
#16 20.56   Building wheel for pandasql (pyproject.toml): started
#16 21.02   Building wheel for pandasql (pyproject.toml): finished with status 'done'
#16 21.03   Created wheel for pandasql: filename=pandasql-0.7.3-py3-none-any.whl size=26867 sha256=a406e2a6c0370b89519dae96d1ebe0ea07b209ae0deb6ec37940ade00fc484d7
#16 21.03   Stored in directory: /tmp/pip-ephem-wheel-cache-wg_526u6/wheels/15/a1/e7/6f92f295b5272ae5c02365e6b8fa19cb93f16a537090a1cf27
#16 21.04 Successfully built pandasql
#16 21.13 Installing collected packages: six, numpy, greenlet, sqlalchemy, python-dateutil, pandas, pandasql
#16 30.35 Successfully installed greenlet-3.5.3 numpy-2.5.1 pandas-3.0.3 pandasql-0.7.3 python-dateutil-2.9.0.post0 six-1.17.0 sqlalchemy-2.0.51
#16 30.35 WARNING: Running pip as the 'root' user can result in broken permissions and conflicting behaviour with the system package manager, possibly rendering your system unusable. It is recommended to use a virtual environment instead: https://pip.pypa.io/warnings/venv. Use the --root-user-action option if you know what you are doing and want to suppress this warning.
#16 30.56 
#16 30.56 [notice] A new release of pip is available: 25.0.1 -> 26.1.2
#16 30.56 [notice] To update, run: pip install --upgrade pip
#16 DONE 31.1s

#17 [13/13] RUN pip install --upgrade numpy pandas
#17 0.956 Requirement already satisfied: numpy in /usr/local/lib/python3.12/site-packages (2.5.1)
#17 1.547 Requirement already satisfied: pandas in /usr/local/lib/python3.12/site-packages (3.0.3)
#17 1.810 Requirement already satisfied: python-dateutil>=2.8.2 in /usr/local/lib/python3.12/site-packages (from pandas) (2.9.0.post0)
#17 1.811 Requirement already satisfied: six>=1.5 in /usr/local/lib/python3.12/site-packages (from python-dateutil>=2.8.2->pandas) (1.17.0)
#17 1.868 WARNING: Running pip as the 'root' user can result in broken permissions and conflicting behaviour with the system package manager, possibly rendering your system unusable. It is recommended to use a virtual environment instead: https://pip.pypa.io/warnings/venv. Use the --root-user-action option if you know what you are doing and want to suppress this warning.
#17 1.885 
#17 1.885 [notice] A new release of pip is available: 25.0.1 -> 26.1.2
#17 1.885 [notice] To update, run: pip install --upgrade pip
#17 DONE 2.0s

#18 exporting to image
#18 exporting layers
#18 exporting layers 9.3s done
#18 exporting manifest sha256:888164b5d94b24fcea0fbd31fe0baabd63a88414dfa5f49b2e5a199c4ddd2a52 0.0s done
#18 exporting config sha256:0468c9b5424451b742b2d12a3564f65dc9d936431bb06f7f91fce1823d4716c3 0.0s done
#18 exporting attestation manifest sha256:d172b6162c6aa28e4f3ad1eeefab23faeef1fff5ce6c788040f55815210450d4 0.1s done
#18 exporting manifest list sha256:3785aa340b9b07467b48f74ecf2cc0c8643601d063f38b4b60821b3533ddfb98
#18 exporting manifest list sha256:3785aa340b9b07467b48f74ecf2cc0c8643601d063f38b4b60821b3533ddfb98 0.0s done
#18 naming to docker.io/dynamos-local/sql-query:rq3-streaming-extra10 done
#18 unpacking to docker.io/dynamos-local/sql-query:rq3-streaming-extra10
#18 unpacking to docker.io/dynamos-local/sql-query:rq3-streaming-extra10 3.5s done
#18 naming to docker.io/dynamos-local/sql-query:latest done
#18 unpacking to docker.io/dynamos-local/sql-query:latest 0.0s done
#18 DONE 13.2s
Image: "dynamos-local/sidecar:rq3-streaming-extra10" with ID "sha256:5e63e5a0f26fc0bddac3bccbbc217ef9fd7020c8fafb1d336f5bb36ebb229bc4" not yet present on node "dynamos-rq3-extra10-control-plane", loading...
Image: "dynamos-local/policy-enforcer:rq3-streaming-extra10" with ID "sha256:99a0b6bb84e5a0bd761b34634ac2ae4ffb0ad867f22d1fe9f8608849f69ca861" not yet present on node "dynamos-rq3-extra10-control-plane", loading...
Image: "dynamos-local/orchestrator:rq3-streaming-extra10" with ID "sha256:b7c9768b8d9522f597635464b02eecf497f6f2be7a7ff25ab1aaccdfad915182" not yet present on node "dynamos-rq3-extra10-control-plane", loading...
Image: "dynamos-local/agent:rq3-streaming-extra10" with ID "sha256:5cf00d1bf308ad73f5696fb303c7a029180039410edb32e52d5d073c07d836f8" not yet present on node "dynamos-rq3-extra10-control-plane", loading...
Image: "dynamos-local/api-gateway:rq3-streaming-extra10" with ID "sha256:27896e7eec8c26f4d8cc7350cf1f4d6c33f95418d97250e0cbd2ebc16dad1928" not yet present on node "dynamos-rq3-extra10-control-plane", loading...
Image: "dynamos-local/sql-algorithm:rq3-streaming-extra10" with ID "sha256:76fa71345b1bfb37d5f2591b73793ec4874c1392c5cbd2513e8614522ea220d2" not yet present on node "dynamos-rq3-extra10-control-plane", loading...
Image: "dynamos-local/sql-anonymize:rq3-streaming-extra10" with ID "sha256:3a9d7304744842017978053cfbd13345d0e8f8f4920b0fbb8d0e1660d5483238" not yet present on node "dynamos-rq3-extra10-control-plane", loading...
Image: "dynamos-local/sql-aggregate:rq3-streaming-extra10" with ID "sha256:83cd64ab758cb955b2aeb1c73297dba72302a03c08626059198421f2c683e9d4" not yet present on node "dynamos-rq3-extra10-control-plane", loading...
Image: "dynamos-local/sql-test:rq3-streaming-extra10" with ID "sha256:b7df029919843bf7e6a482346988aab6ad9e2662a6a23486c5f5c8311cfa8d2b" not yet present on node "dynamos-rq3-extra10-control-plane", loading...
Image: "dynamos-local/sql-query:rq3-streaming-extra10" with ID "sha256:3785aa340b9b07467b48f74ecf2cc0c8643601d063f38b4b60821b3533ddfb98" not yet present on node "dynamos-rq3-extra10-control-plane", loading...
[rq3-extra10] Deploying DYNAMOS from /home/nebur/src/DYNAMOS-streaming-concept-20260524
[rq3-extra10] Existing Linkerd control plane detected
running large limit=5000 workload=bulk query-shape=default providers=UVA warm dataThroughTtp streaming response-mode=batched rep=1/1 attempt=1
running large limit=5000 workload=bulk query-shape=default providers=UVA warm dataThroughTtp rabbitmq-streams response-mode=batched rep=1/1 attempt=1
running large limit=5000 workload=bulk query-shape=default providers=UVA warm dataThroughTtp unary response-mode=batched rep=1/1 attempt=1
running large limit=10000 workload=bulk query-shape=default providers=UVA,VU warm dataThroughTtp rabbitmq-streams response-mode=batched rep=1/1 attempt=1
running large limit=10000 workload=bulk query-shape=default providers=UVA,VU warm computeToData unary response-mode=batched rep=1/1 attempt=1
running large limit=10000 workload=bulk query-shape=default providers=UVA,VU warm computeToData rabbitmq-streams response-mode=batched rep=1/1 attempt=1
running large limit=10000 workload=bulk query-shape=default providers=UVA,VU warm dataThroughTtp unary response-mode=batched rep=1/1 attempt=1
running large limit=10000 workload=bulk query-shape=default providers=UVA,VU warm computeToData streaming response-mode=batched rep=1/1 attempt=1
running large limit=10000 workload=bulk query-shape=default providers=UVA,VU warm dataThroughTtp streaming response-mode=batched rep=1/1 attempt=1
[rq3-extra10] Skipping completed streaming cell primary unary dataThroughTtp UVA 50000
[rq3-extra10] Skipping completed streaming cell primary unary dataThroughTtp UVA 100000
[rq3-extra10] Skipping completed streaming cell primary unary dataThroughTtp UVA 250000
[rq3-extra10] Skipping completed streaming cell primary streaming dataThroughTtp UVA 50000
[rq3-extra10] Skipping completed streaming cell primary streaming dataThroughTtp UVA 100000
[rq3-extra10] Skipping completed streaming cell primary streaming dataThroughTtp UVA 250000
[rq3-extra10] Skipping completed streaming cell primary rabbitmq-streams dataThroughTtp UVA 50000
[rq3-extra10] Skipping completed streaming cell primary rabbitmq-streams dataThroughTtp UVA 100000
[rq3-extra10] Skipping completed streaming cell primary rabbitmq-streams dataThroughTtp UVA 250000
[rq3-extra10] Skipping completed streaming cell compatibility unary computeToData UVA,VU 50000
[rq3-extra10] Skipping completed streaming cell compatibility unary computeToData UVA,VU 250000
[rq3-extra10] Skipping completed streaming cell compatibility unary dataThroughTtp UVA,VU 50000
[rq3-extra10] Skipping completed streaming cell compatibility unary dataThroughTtp UVA,VU 250000
[rq3-extra10] Skipping completed streaming cell compatibility streaming computeToData UVA,VU 50000
[rq3-extra10] Skipping completed streaming cell compatibility streaming computeToData UVA,VU 250000
[rq3-extra10] Skipping completed streaming cell compatibility streaming dataThroughTtp UVA,VU 50000
[rq3-extra10] Skipping completed streaming cell compatibility streaming dataThroughTtp UVA,VU 250000
[rq3-extra10] Skipping completed streaming cell compatibility rabbitmq-streams computeToData UVA,VU 50000
[rq3-extra10] Resetting broker and application deployments between cells
[rq3-extra10] Streaming cell compatibility rabbitmq-streams computeToData UVA,VU 250000
[rq3-extra10] Resetting broker and application deployments between cells
[rq3-extra10] Streaming cell compatibility rabbitmq-streams dataThroughTtp UVA,VU 50000
[rq3-extra10] Resetting broker and application deployments between cells
[rq3-extra10] Streaming cell compatibility rabbitmq-streams dataThroughTtp UVA,VU 250000
[rq3-extra10] Campaign complete: /home/nebur/src/DYNAMOS-clean-20260511/benchmark-results/rq3-extra10-20260710
